{
    "versions": {
        "content": [
            [
                "versions.yml:md5,4fbd6601261557776e71facf8011f9f0"
            ]
        ],
        "meta": {
            "nf-test": "0.9.3",
            "nextflow": "25.04.8"
        },
        "timestamp": "2025-10-21T18:36:47.079218272"
    }
}