{
    "versions": {
        "content": [
            [
                "versions.yml:md5,4fbd6601261557776e71facf8011f9f0"
            ]
        ],
        "meta": {
            "nf-test": "0.9.3",
            "nextflow": "25.10.0"
        },
        "timestamp": "2025-10-28T00:43:48.785338"
    }
}