{
    "-profile test": {
        "content": [
            {
                "Workflow": {
                    "nf-core/spatialxe": "v1.0dev"
                }
            },
            [
                "coordinate",
                "coordinate/multiqc",
                "coordinate/multiqc/raw_bundle",
                "coordinate/multiqc/raw_bundle/multiqc_data",
                "coordinate/multiqc/raw_bundle/multiqc_plots",
                "coordinate/multiqc/raw_bundle/multiqc_report.html",
                "coordinate/multiqc/redefined_bundle",
                "coordinate/multiqc/redefined_bundle/multiqc_data",
                "coordinate/multiqc/redefined_bundle/multiqc_plots",
                "coordinate/multiqc/redefined_bundle/multiqc_report.html",
                "coordinate/proseg",
                "coordinate/proseg/preset",
                "coordinate/proseg/preset/test_run",
                "coordinate/proseg/preset/test_run/cell-polygons.geojson.gz",
                "coordinate/proseg/preset/test_run/proseg-output.zarr",
                "coordinate/proseg/preset/test_run/transcript-metadata.csv.gz",
                "coordinate/proseg/preset/versions.yml",
                "coordinate/proseg/proseg2baysor",
                "coordinate/proseg/proseg2baysor/test_run",
                "coordinate/proseg/proseg2baysor/test_run/cell-polygons.geojson",
                "coordinate/proseg/proseg2baysor/test_run/transcript-metadata.csv",
                "coordinate/proseg/proseg2baysor/versions.yml",
                "coordinate/spatialdata",
                "coordinate/spatialdata/merge",
                "coordinate/spatialdata/merge/spatialdata",
                "coordinate/spatialdata/merge/spatialdata/test_run",
                "coordinate/spatialdata/merge/spatialdata/test_run/merged_bundle",
                "coordinate/spatialdata/merge/spatialdata/test_run/merged_bundle/fake_file.txt",
                "coordinate/spatialdata/merge/versions.yml",
                "coordinate/spatialdata/meta",
                "coordinate/spatialdata/meta/spatialdata",
                "coordinate/spatialdata/meta/spatialdata/test_run",
                "coordinate/spatialdata/meta/spatialdata/test_run/metadata",
                "coordinate/spatialdata/meta/spatialdata/test_run/metadata/fake_file.txt",
                "coordinate/spatialdata/meta/versions.yml",
                "coordinate/spatialdata/write",
                "coordinate/spatialdata/write/spatialdata",
                "coordinate/spatialdata/write/spatialdata/test_run",
                "coordinate/spatialdata/write/spatialdata/test_run/raw_bundle",
                "coordinate/spatialdata/write/spatialdata/test_run/raw_bundle/fake_file.txt",
                "coordinate/spatialdata/write/spatialdata/test_run/redefined_bundle",
                "coordinate/spatialdata/write/spatialdata/test_run/redefined_bundle/fake_file.txt",
                "coordinate/spatialdata/write/versions.yml",
                "coordinate/untar",
                "coordinate/untar/test_run",
                "coordinate/untar/test_run/experiment.xenium",
                "coordinate/untar/test_run/gene_panel.json",
                "coordinate/untar/test_run/morphology.ome.tif",
                "coordinate/untar/test_run/transcripts.parquet",
                "coordinate/xeniumranger",
                "coordinate/xeniumranger/import_segementation",
                "coordinate/xeniumranger/import_segementation/test_run",
                "coordinate/xeniumranger/import_segementation/test_run/experiment.xenium",
                "pipeline_info",
                "pipeline_info/nf_core_spatialxe_software_mqc_versions.yml"
            ],
            [
                "multiqc_report.html:md5,d41d8cd98f00b204e9800998ecf8427e",
                "multiqc_report.html:md5,d41d8cd98f00b204e9800998ecf8427e",
                "cell-polygons.geojson:md5,d41d8cd98f00b204e9800998ecf8427e",
                "transcript-metadata.csv:md5,d41d8cd98f00b204e9800998ecf8427e",
                "versions.yml:md5,fa7f4276cb9ba5826f79ebb645b1e974",
                "fake_file.txt:md5,d41d8cd98f00b204e9800998ecf8427e",
                "versions.yml:md5,2d342fc3aa4c61f35d444520a883cd9c",
                "fake_file.txt:md5,d41d8cd98f00b204e9800998ecf8427e",
                "versions.yml:md5,9ba24ab89440a9beb33340fe956fdfea",
                "fake_file.txt:md5,d41d8cd98f00b204e9800998ecf8427e",
                "fake_file.txt:md5,d41d8cd98f00b204e9800998ecf8427e",
                "versions.yml:md5,1d0e097a99d10856db9bc548a90f65f8",
                "experiment.xenium:md5,d41d8cd98f00b204e9800998ecf8427e",
                "gene_panel.json:md5,d41d8cd98f00b204e9800998ecf8427e",
                "morphology.ome.tif:md5,d41d8cd98f00b204e9800998ecf8427e",
                "transcripts.parquet:md5,d41d8cd98f00b204e9800998ecf8427e",
                "experiment.xenium:md5,d41d8cd98f00b204e9800998ecf8427e"
            ]
        ],
        "meta": {
            "nf-test": "0.9.3",
            "nextflow": "25.10.2"
        },
        "timestamp": "2026-03-20T23:04:28.632587154"
    }
}