{
    "versions": {
        "content": [
            [
                "versions.yml:md5,dcda80518964ecdefc10ae0c81438f04"
            ]
        ],
        "meta": {
            "nf-test": "0.9.3",
            "nextflow": "25.10.0"
        },
        "timestamp": "2025-10-28T00:42:02.147861"
    }
}