{
    "versions": {
        "content": [
            [
                "versions.yml:md5,dcda80518964ecdefc10ae0c81438f04"
            ]
        ],
        "meta": {
            "nf-test": "0.9.3",
            "nextflow": "25.04.8"
        },
        "timestamp": "2025-10-21T18:49:18.83871925"
    }
}