{
    "versions": {
        "content": [
            [
                "versions.yml:md5,5056908397d6eb81a86a6a9470ee8d27"
            ]
        ],
        "meta": {
            "nf-test": "0.9.3",
            "nextflow": "25.04.8"
        },
        "timestamp": "2025-10-21T18:26:35.868122059"
    }
}