{
    "versions": {
        "content": [
            [
                "versions.yml:md5,0984aeb6871c3863a77973545cc39fc2"
            ]
        ],
        "meta": {
            "nf-test": "0.9.3",
            "nextflow": "25.10.0"
        },
        "timestamp": "2025-10-28T00:46:05.732544"
    }
}